// Jest Snapshot v1, https://goo.gl/fbAQLP

exports[`<Keypad/> Should render correctly 1`] = `
<div
  className="keypad-container"
>
  <div
    className="numbers-container"
  />
  <div
    className="operators-container"
  />
  <div
    className="submit-container"
  >
    <Key
      keyAction={[Function]}
      keyType="submit-key"
      keyValue="="
    />
  </div>
</div>
`;
